// Vitest Snapshot v1, https://vitest.dev/guide/snapshot.html

exports[`Categories tests > quiz categories matches the array snapshot 1`] = `
[
  {
    "id": "9",
    "key": "general",
  },
  {
    "id": "27",
    "key": "animals",
  },
  {
    "id": "23",
    "key": "history",
  },
  {
    "id": "17",
    "key": "science",
  },
  {
    "id": "21",
    "key": "sports",
  },
  {
    "id": "14",
    "key": "filmsTv",
  },
]
`;

exports[`It should be correct page names > pages matches the array snapshot 1`] = `
{
  "category": "CATEGORY",
  "detailedResult": "DETAILED_RESULTS",
  "difficulty": "DIFFICULTY",
  "language": "LANGUAGE",
  "questions": "QUESTIONS",
  "result": "RESULT",
}
`;

exports[`difficulties > difficulties matches the array snapshot 1`] = `
[
  {
    "key": "easy",
    "questions": 8,
    "time": 12,
  },
  {
    "key": "medium",
    "questions": 10,
    "time": 10,
  },
  {
    "key": "hard",
    "questions": 12,
    "time": 8,
  },
]
`;
